// Jest Snapshot v1, https://goo.gl/fbAQLP

exports[`TableValidators shows a validator table 1`] = `
<div
  validators="[object Object],[object Object],[object Object]"
>
  <table
    class="data-table"
  >
    <thead>
      <panelsort-stub
        properties="[object Object],[object Object],[object Object],[object Object],[object Object],[object Object],[object Object]"
        showonmobile="returns"
        sort="[object Object]"
      />
    </thead>
     
    <tbody
      infinite-scroll-distance="80"
    />
  </table>
</div>
`;
