// Jest Snapshot v1, https://goo.gl/fbAQLP

exports[`ModalDeposit component matches snapshot has the expected html structure 1`] = `
<div
  class="action-modal modal-deposit"
  id="modal-deposit"
  name="slide-fade"
>
  <div
    class="action-modal-header"
  >
    <img
      class="icon action-modal-atom"
      src="~assets/images/cosmos-logo.png"
    />
     
    <span
      class="action-modal-title"
    >
      
        Deposit
      
    </span>
     
    <div
      class="action-modal-icon action-modal-close"
      id="closeBtn"
    >
      <i
        class="material-icons"
      >
        close
      </i>
    </div>
  </div>
   
  <div
    class="action-modal-form"
  >
    <div
      class="action-modal-form-group tm-form-group"
    >
      <!---->
      <label
        class="tm-form-group__label"
        for="amount"
      >
        
    Amount
  
      </label>
       
      <div
        class="tm-form-group__field"
      >
        <span
          class="input-suffix"
        >
          stake
        </span>
         
        <input
          class="tm-field"
          id="amount"
          type="number"
        />
         
        <!---->
      </div>
    </div>
     
    <!---->
     
    <div
      class="action-modal-group tm-form-group"
    >
      <!---->
      <label
        class="tm-form-group__label"
        for="password"
      >
        
    Password
  
      </label>
       
      <div
        class="tm-form-group__field"
      >
        <input
          class="tm-field"
          id="password"
          placeholder="Password"
          type="password"
        />
         
        <!---->
      </div>
    </div>
  </div>
   
  <div
    class="action-modal-footer"
  >
    <div
      class="action-modal-group tm-form-group"
    >
      <!---->
      <!---->
       
      <div
        class="tm-form-group__field"
      >
        <div>
          <button
            class="tm-btn"
          >
            <span
              class="tm-btn__container tm-btn--primary"
            >
              <!---->
              <span
                class="tm-btn__value"
              >
                Submit
              </span>
            </span>
          </button>
        </div>
      </div>
    </div>
     
    <!---->
  </div>
</div>
`;
