// Jest Snapshot v1, https://goo.gl/fbAQLP

exports[`CookieBar shows the cookie bar 1`] = `
<div
  class="cookie-bar"
>
  <i />
   
  <p>
    <span
      class="hide-on-mobile"
    >
      This site uses cookies to help improve the user experience.
    </span>
    
    By using Lunie, you accept our
    
    <router-link-stub
      class="link"
      to="/terms"
    >
      Terms of Service
    </router-link-stub>
     and
    
    <router-link-stub
      class="link"
      to="/privacy"
    >
      Privacy Policy
    </router-link-stub>
    .
  
  </p>
   
  <a
    class="close"
  >
    <i
      class="material-icons"
    >
      close
    </i>
  </a>
</div>
`;
