// Jest Snapshot v1, https://goo.gl/fbAQLP

exports[`TransactionMetadata renders correct fee and block transaction data 1`] = `
<div>
  <div
    class="tx__metadata"
  >
    
    Block:
    
    <router-link-stub
      to="[object Object]"
    >
      #1234567 
    </router-link-stub>
    
    @ 00:00:00
  
  </div>
   
  <div>
    
    Network Fee: 
    
    <b>
      0.001234
    </b>
     
    <span>
       ATOM
    </span>
  </div>
</div>
`;
