// Jest Snapshot v1, https://goo.gl/fbAQLP

exports[`LiValidator has the expected html structure 1`] = `
<tr
  class="data-table__row li-validator"
>
  <td
    class="data-table__row__info"
  >
    <img
      class="data-table__row__info__image data-table__row__info__image--no-img"
      height="48"
      src="~assets/images/validator-icon.svg"
      width="48"
    />
     
    <div
      class="data-table__row__info__container"
    >
      <span
        class="data-table__row__info__container__status green"
      />
       
      <a
        class="data-table__row__info__container__name"
        href="#/staking/validators/cosmosvaladdr15ky9du8a2wlstz6fpx3p4mqpjyrm5ctplpn3au"
      >
        herr_schmidt_revoked
      </a>
       
      <div
        class="short-bech32 data-table__row__info__container__description"
      >
        <div
          class="address"
          id="address"
        >
          
    cosmosvaladdr…n3au
  
        </div>
         
        <div
          class="copied"
        >
          <i
            class="material-icons"
          >
            check
          </i>
          <span>
            Copied
          </span>
        </div>
      </div>
    </div>
  </td>
   
  <td
    class="li-validator__delegated-steak"
  >
    
    0.0000…
  
  </td>
   
  <td
    class="li-validator__rewards"
  >
    n/a
  </td>
   
  <td
    class="li-validator__voting-power"
  >
    
    22%
  
  </td>
   
  <td
    class="li-validator__uptime"
  >
    98.78%
  </td>
   
  <td
    class="li-validator__commission"
  >
    0.05%
  </td>
   
  <td
    class="li-validator__slashes"
  >
    n/a
  </td>
</tr>
`;
