// Jest Snapshot v1, https://goo.gl/fbAQLP

exports[`PanelSort has the expected html structure 1`] = `
<tr
  class="panel-sort-container"
>
  <th
    class="sort-by"
  >
    <a
      class="sort-by-link"
    >
      
      ID
    
    </a>
  </th>
  <th
    class="sort-by"
  >
    <a
      class="sort-by-link"
    >
      
      AMOUNT
    
    </a>
  </th>
</tr>
`;
