// Jest Snapshot v1, https://goo.gl/fbAQLP

exports[`TableValidators has the expected html structure 1`] = `
<div>
  <table
    class="data-table"
  >
    <thead>
      <panel-sort-stub
        properties="[object Object],[object Object],[object Object],[object Object],[object Object],[object Object]"
        sort="[object Object]"
      />
    </thead>
     
    <tbody>
      <li-validator-stub
        validator="[object Object]"
      />
      <li-validator-stub
        validator="[object Object]"
      />
      <li-validator-stub
        validator="[object Object]"
      />
    </tbody>
  </table>
</div>
`;
