// Jest Snapshot v1, https://goo.gl/fbAQLP

exports[`NiDataMsg has the expected html structure 1`] = `
"<div class=\\"ni-data-msg\\">
   <div class=\\"ni-data-msg__icon\\">
      <i class=\\"material-icons\\">help</i>
   </div>
<div class=\\"ni-data-msg__text\\">
   <div class=\\"ni-data-msg__title\\">
      sOmEtHiNg Is HaPpEnIng!!!
   </div>
<div class=\\"ni-data-msg__subtitle\\">
   Oh my! What could it be?
</div>
</div>
</div>"
`;
