// Jest Snapshot v1, https://goo.gl/fbAQLP

exports[`NiFieldAddon has the expected html structure 1`] = `
"<div class=\\"ni-field-addon\\">
   <div class=\\"fake-addon\\">
      ATOM
   </div>
</div>"
`;
