// Jest Snapshot v1, https://goo.gl/fbAQLP

exports[`NiFormStruct has the expected html structure 1`] = `
"<form class=\\"ni-form ni-form-narrow\\">
   <div class=\\"ni-form-container\\">
      <header class=\\"ni-form-header\\">
         <div class=\\"ni-form-title\\">
            <div class=\\"fake-title\\">
               Fake Title
            </div>
</div>
      <div class=\\"ni-form-subtitle\\">
         <div class=\\"fake-subtitle\\">
            Fake Subtitle
         </div>
</div>
</header>
   <main class=\\"ni-form-main\\">
      <div class=\\"fake-fields\\"></div>
</main>
   <footer class=\\"ni-form-footer\\">
      <div class=\\"fake-footer\\">
         Fake Footer
      </div>
</footer>
</div>
</form>"
`;
