// Jest Snapshot v1, https://goo.gl/fbAQLP

exports[`NiSessionLoading has the expected html structure 1`] = `
"<div class=\\"ni-session\\">
   <div class=\\"ni-session-container\\">
      <div class=\\"ni-session-header\\">
         <div class=\\"ni-session-title\\">
            Loadingâ€¦
         </div>
</div>
<div class=\\"ni-session-main\\">
   &nbsp;
</div>
<div class=\\"ni-session-footer\\">
   &nbsp;
</div>
</div>
</div>"
`;
