// Jest Snapshot v1, https://goo.gl/fbAQLP

exports[`TmBalance has the expected html structure before adding props 1`] = `
"<div class=\\"header-balance\\">
   <div class=\\"top\\">
      <img src=\\"~assets/images/cosmos-logo.png\\" class=\\"icon\\">
      <div class=\\"total-atoms\\">
         <div class=\\"h3\\">
            Total Steak
         </div>
<div class=\\"h2\\">
   321
</div>
</div>
<!---->
<!---->
<!---->
</div>
<div class=\\"bottom\\">
   <div class=\\"address\\">
      useraddress16876876876876876786876876876876876
   </div>
<div class=\\"success\\">
   <i class=\\"material-icons\\">check</i><span>Copied</span>
</div>
</div>
</div>"
`;

exports[`TmBalance shows correct stats depending on props 1`] = `
"<div class=\\"header-balance\\">
   <div class=\\"top\\">
      <img src=\\"~assets/images/cosmos-logo.png\\" class=\\"icon\\">
      <div class=\\"total-atoms\\">
         <div class=\\"h3\\">
            Total Steak
         </div>
<div class=\\"h2\\">
   321
</div>
</div>
<div class=\\"unstaked-atoms\\">
   <div class=\\"h3\\">
      Unstaked Steak
   </div>
<div class=\\"h2\\">
   1337
</div>
</div>
<div class=\\"total-earnings\\">
   <div class=\\"h3\\">
      Total Earnings
   </div>
<div class=\\"h2\\">
   1337
</div>
</div>
<div class=\\"total-rewards\\">
   <div class=\\"h3\\">
      Total Rewards
   </div>
<div class=\\"group\\">
   <div class=\\"h2\\">
      1337
   </div>
<a href=\\"#/claim\\" class=\\"\\">Claim</a>
</div>
</div>
</div>
<div class=\\"bottom\\">
   <div class=\\"address\\">
      useraddress16876876876876876786876876876876876
   </div>
<div class=\\"success\\">
   <i class=\\"material-icons\\">check</i><span>Copied</span>
</div>
</div>
</div>"
`;
