// Jest Snapshot v1, https://goo.gl/fbAQLP

exports[`TmBarDiscrete has the expected html structure 1`] = `
<div
  class="tm-bar-discrete"
>
  <div
    class="tm-bar-discrete__container"
  >
    <div
      class="tm-bar-discrete__edge"
    />
     
    <div
      class="tm-bar-discrete__node"
    />
    <div
      class="tm-bar-discrete__node tm-bar-discrete__node--active"
    />
  </div>
</div>
`;
