// Jest Snapshot v1, https://goo.gl/fbAQLP

exports[`TmDataConnecting has the expected html structure 1`] = `
<div
  class="tm-data-msg"
>
  <div
    class="tm-data-msg__icon"
  >
    <i
      class="material-icons"
    >
      
      
    
    </i>
  </div>
   
  <div
    class="tm-data-msg__text"
  >
    <div
      class="tm-data-msg__title"
    >
      <div>
        
    Waiting for connection
  
      </div>
    </div>
     
    <div
      class="tm-data-msg__subtitle"
    >
      <div>
        
    You are currently not connected to a node. Voyager will load this data
    when a connection is established.
  
      </div>
    </div>
  </div>
</div>
`;
