// Jest Snapshot v1, https://goo.gl/fbAQLP

exports[`TmModalLCDApproval has the expected html structure 1`] = `
<div
  class="tm-modal-lcd-approval__wrapper"
>
  <div
    class="tm-modal-lcd-approval"
  >
    <div
      class="tm-modal-lcd-approval__icon"
    >
      <i
        class="material-icons"
      >
        sync problem
      </i>
    </div>
     
    <div
      class="tm-modal-lcd-approval__title"
    >
      Node approval required
    </div>
     
    <div
      class="tm-modal-lcd-approval__body"
    >
      
      Voyager needs to approve the node you're trying to connect to. Please
      compare the hash below against the hash from a trusted source. If you
      are 100% sure that the hashes match, click approve to proceed.
      <textarea
        class="tm-field"
        disabled="disabled"
        id="node-hash"
      />
    </div>
     
    <div
      class="tm-modal-lcd-approval__footer"
    >
      <button
        class="tm-btn"
        id="tm-modal-lcd-approval__btn-approve"
      >
        <span
          class="tm-btn__container tm-btn--size-lg tm-btn--primary"
        >
          <i
            aria-hidden="true"
            class="tm-btn__icon material-icons"
          >
            check
          </i>
          <span
            class="tm-btn__value"
          >
            Approve Node
          </span>
        </span>
      </button>
       
      <button
        class="tm-btn"
        id="tm-modal-lcd-approval__btn-disapprove"
      >
        <span
          class="tm-btn__container tm-btn--size-lg"
        >
          <i
            aria-hidden="true"
            class="tm-btn__icon material-icons"
          >
            skip_next
          </i>
          <span
            class="tm-btn__value"
          >
            Switch Node
          </span>
        </span>
      </button>
    </div>
  </div>
</div>
`;
