// Jest Snapshot v1, https://goo.gl/fbAQLP

exports[`TmModalHelp has the expected html structure 1`] = `
<div
  class="tm-modal-help tm-modal"
>
  <div
    class="tm-modal-container"
  >
    <header
      class="tm-modal-header"
    >
      <!---->
       
      <div
        class="tm-modal-title"
      >
        <div>
          
    Need Help?
  
        </div>
      </div>
       
      <div
        class="tm-modal-icon tm-modal-close"
      >
        <i
          class="material-icons"
        >
          
          close
        
        </i>
      </div>
    </header>
     
    <main
      class="tm-modal-main"
    >
       
      <p>
        
    Something in the app not working correctly? Tell us what went wrong in our
    
        <a
          href="https://riot.im/app/#/room/#cosmos:matrix.org"
        >
          
      developer chat
    
        </a>
        
    or create an issue on
    
        <a
          href="https://github.com/cosmos/voyager/issues"
        >
          
      GitHub
    
        </a>
        .
  
      </p>
       
      <p>
        Thanks for improving Cosmos Voyager!
      </p>
       
      <footer
        class="tm-modal-footer"
      />
    </main>
  </div>
</div>
`;

exports[`TmModalHelp should hide 1`] = `<!---->`;
