// Jest Snapshot v1, https://goo.gl/fbAQLP

exports[`TmSessionAccountDelete has the expected html structure 1`] = `
<div
  class="tm-session"
>
  <tm-form-struct-stub
    class="tm-session-container"
    submit="function () { [native code] }"
    width=""
  >
    <div
      class="tm-session-header"
    >
      <a>
        <i
          class="material-icons"
        >
          arrow_back
        </i>
      </a>
       
      <div
        class="tm-session-title"
      >
        
        Remove Account
      
      </div>
       
      <a>
        <i
          class="material-icons"
        >
          help_outline
        </i>
      </a>
    </div>
     
    <div
      class="tm-session-main"
    >
      <tm-form-group-stub
        fieldid="sign-in-password"
        fieldlabel="Password"
      >
        <tm-field-stub
          id="sign-in-password"
          placeholder="Enter your password"
          type="password"
          value=""
        />
         
        <tm-form-msg-stub
          msg=""
          name="Password"
          type="required"
        />
         
        <!---->
      </tm-form-group-stub>
       
      <tm-form-group-stub
        fieldid="sign-up-warning"
        fieldlabel=" "
      >
        <div
          class="tm-field-checkbox"
        >
          <div
            class="tm-field-checkbox-input"
          >
            <input
              id="sign-up-warning"
              type="checkbox"
            />
          </div>
           
          <label
            class="tm-field-checkbox-label"
            for="sign-up-warning"
          >
            
            I understand that Cosmos cannot recover deleted accounts without
            the passphrase.
          
          </label>
        </div>
         
        <tm-form-msg-stub
          msg=""
          name="Deletion confirmation"
          type="required"
        />
      </tm-form-group-stub>
    </div>
     
    <div
      class="tm-session-footer"
    >
      <tm-btn-stub
        icon="exit_to_app"
        size="lg"
        value="Sign Out and Remove Account"
      />
    </div>
  </tm-form-struct-stub>
</div>
`;
