// Jest Snapshot v1, https://goo.gl/fbAQLP

exports[`TmSessionWelcome with accounts has the expected html structure 1`] = `
<div
  class="session"
  id="session-welcome"
>
  <a>
    <i
      class="material-icons session-close"
    >
      close
    </i>
  </a>
   
  <div
    class="session-header"
  >
    <img
      class="lunie-logo"
      src="~assets/images/cosmos-wallet-logo.svg"
    />
     
    <h2
      class="session-title"
    >
      
      Welcome to Lunie!
    
    </h2>
     
    <p
      class="session-paragraph"
    >
      
      Lunie is the cryptocurrency wallet for the new staking economy. Easily
      stake your ATOMs, withdraw your rewards, and participate in governance.
    
    </p>
  </div>
   
  <div
    class="session-list"
  >
    <lisession-stub
      icon="person_add"
      title="Create a new address"
    />
     
    <lisession-stub
      icon="person"
      title="Use an existing address"
    />
  </div>
   
  <p
    class="footnote"
  >
    
    By using Lunie, you accept our
    
    <router-link
      class="link"
      to="/terms"
    >
      Terms of Service
    </router-link>
     and
    
    <router-link
      class="link"
      to="/privacy"
    >
      Privacy Policy
    </router-link>
    .
  
  </p>
</div>
`;

exports[`TmSessionWelcome without accounts has the expected html structure 1`] = `
<div
  class="session"
  id="session-welcome"
>
  <a>
    <i
      class="material-icons session-close"
    >
      close
    </i>
  </a>
   
  <div
    class="session-header"
  >
    <img
      class="lunie-logo"
      src="~assets/images/cosmos-wallet-logo.svg"
    />
     
    <h2
      class="session-title"
    >
      
      Welcome to Lunie!
    
    </h2>
     
    <p
      class="session-paragraph"
    >
      
      Lunie is the cryptocurrency wallet for the new staking economy. Easily
      stake your ATOMs, withdraw your rewards, and participate in governance.
    
    </p>
  </div>
   
  <div
    class="session-list"
  >
    <lisession-stub
      icon="person_add"
      title="Create a new address"
    />
     
    <lisession-stub
      icon="person"
      title="Use an existing address"
    />
  </div>
   
  <p
    class="footnote"
  >
    
    By using Lunie, you accept our
    
    <router-link-stub
      class="link"
      to="/terms"
    >
      Terms of Service
    </router-link-stub>
     and
    
    <router-link-stub
      class="link"
      to="/privacy"
    >
      Privacy Policy
    </router-link-stub>
    .
  
  </p>
</div>
`;
