// Jest Snapshot v1, https://goo.gl/fbAQLP

exports[`TmUserPane has the expected html structure 1`] = `
<router-link-stub
  class="tm-li tm-li-link tm-li-user"
  to="/preferences"
>
  <div
    class="tm-li-container"
  >
    <div
      class="tm-li-thumb"
    >
      <!---->
    </div>
     
    <div
      class="tm-li-label"
    >
      <div
        class="tm-li-title"
      >
        Preferences
      </div>
       
      <div
        class="tm-li-subtitle"
      >
        default
      </div>
    </div>
     
    <div
      class="tm-li-icon"
    >
      <i
        class="material-icons inactive"
      >
        chevron_right
      </i>
      <i
        class="material-icons active"
      >
        my_location
      </i>
    </div>
  </div>
</router-link-stub>
`;
