// Jest Snapshot v1, https://goo.gl/fbAQLP

exports[`ToolBar has the expected html structure 1`] = `
<div
  class="tool-bar"
>
  <!---->
    
  <a
    id="signOut-btn"
  >
    <i
      class="material-icons"
    >
      
      exit_to_app
    
    </i>
  </a>
   
  <!---->
</div>
`;
