// Jest Snapshot v1, https://goo.gl/fbAQLP

exports[`PagePortfolio should display the portfolio page 1`] = `
<tmpage-stub
  darkbackground="true"
  signinrequired="true"
>
  <tmbalance-stub />
   
  <delegationsoverview-stub />
   
  <undelegations-stub />
</tmpage-stub>
`;
