// Jest Snapshot v1, https://goo.gl/fbAQLP

exports[`CardBalance has the expected html structure 1`] = `
<div
  class="card-balance"
>
  <div
    class="card-balance-container"
  >
    <div
      class="left"
    >
      <div
        class="title"
      >
        <i
          class="fa fa-circle-o"
        />
        <span>
          JBCOIN
        </span>
      </div>
      <div
        class="balance"
      >
        <div
          class="unit"
        >
          Balance:
        </div>
        <div
          class="value"
        >
          <span
            class="integer"
          >
            1234
          </span>
          <span
            class="fraction"
          >
            .55999
          </span>
        </div>
      </div>
      <div
        class="actions"
      >
        <button
          class="ni-btn"
        >
          <span
            class="ni-btn-container"
          >
            <i
              aria-hidden="true"
              class="ni-btn-icon material-icons"
            >
              search
            </i>
            <span
              class="ni-btn-value"
            >
              Details
            </span>
          </span>
        </button>
      </div>
    </div>
  </div>
</div>
`;
