// Jest Snapshot v1, https://goo.gl/fbAQLP

exports[`NISessionSignUp has the expected html structure 1`] = `
"<div class=\\"ni-session\\">
   <form class=\\"ni-session-container ni-form\\">
      <div class=\\"ni-form-container\\">
         <!---->
         <main class=\\"ni-form-main\\">
            <div class=\\"ni-session-header\\">
               <a><i class=\\"material-icons\\">arrow_back</i></a>
               <div class=\\"ni-session-title\\">
                  Create Account
               </div>
      <a><i class=\\"material-icons\\">help_outline</i></a>
   </div>
      <div class=\\"ni-session-main\\">
         <div class=\\"ni-form-group\\">
            <label for=\\"sign-up-name\\">Account Name</label>
            <div class=\\"ni-form-group-field\\">
               <input type=\\"text\\" placeholder=\\"name your account\\" class=\\"ni-field\\" id=\\"sign-up-name\\">
               <div class=\\"ni-form-msg ni-form-msg-error\\">
                  Name is required
               </div>
</div>
</div>
      <div class=\\"ni-form-group\\">
         <label for=\\"sign-up-seed\\">Seed (write it down)</label>
         <div class=\\"ni-form-group-field\\">
            <textarea class=\\"ni-field-seed ni-field\\" id=\\"sign-up-seed\\" disabled=\\"disabled\\"></textarea>
            <div class=\\"ni-form-msg ni-form-msg-desc\\">
               Please back up the seed phrase for this account. These words cannot be recovered!
            </div>
</div>
</div>
      <div class=\\"ni-form-group\\">
         <label for=\\"sign-in-password\\">Password</label>
         <div class=\\"ni-form-group-field\\">
            <input type=\\"password\\" placeholder=\\"at least 10 characters\\" class=\\"ni-field\\" id=\\"sign-in-password\\">
            <div class=\\"ni-form-msg ni-form-msg-desc\\">
               Create a password to secure your new account
            </div>
      <div class=\\"ni-form-msg ni-form-msg-error\\">
         Password is required
      </div>
         <!---->
   </div>
</div>
      <div class=\\"ni-form-group\\">
         <label for=\\"sign-up-warning\\"></label>
         <div class=\\"ni-form-group-field\\">
            <div class=\\"ni-field-checkbox\\">
               <div class=\\"ni-field-checkbox-input\\">
                  <input id=\\"sign-up-warning\\" type=\\"checkbox\\">
               </div>
      <label for=\\"sign-up-warning\\" class=\\"ni-field-checkbox-label\\">I understand that lost seeds cannot be recovered.</label>
   </div>
      <div class=\\"ni-form-msg ni-form-msg-error\\">
         Recovery confirmation is required
      </div>
</div>
</div>
      <div class=\\"ni-form-group\\">
         <label for=\\"sign-up-backup\\"></label>
         <div class=\\"ni-form-group-field\\">
            <div for=\\"sign-up-backup\\" class=\\"ni-field-checkbox\\">
               <div class=\\"ni-field-checkbox-input\\">
                  <input id=\\"sign-up-backup\\" type=\\"checkbox\\">
               </div>
      <label for=\\"sign-up-backup\\" class=\\"ni-field-checkbox-label\\">I have securely written down my seed.</label>
   </div>
      <div class=\\"ni-form-msg ni-form-msg-error\\">
         Backup confirmation is required
      </div>
</div>
</div>
</div>
      <div class=\\"ni-session-footer\\">
         <button class=\\"ni-btn\\"><span class=\\"ni-btn-container ni-btn-icon-right ni-btn-size-lg\\"><i aria-hidden=\\"true\\" class=\\"ni-btn-icon material-icons\\">arrow_forward</i><span class=\\"ni-btn-value\\">Next</span></span></button>
      </div>
</main>
      <!---->
</div>
</form>
</div>"
`;
